{"type":"server-started","port":52896,"host":"127.0.0.1","url_host":"localhost","url":"http://localhost:52896","screen_dir":"/Applications/XAMPP/xamppfiles/htdocs/minute1/.superpowers/brainstorm/31336-1774282553"}
{"type":"screen-added","file":"/Applications/XAMPP/xamppfiles/htdocs/minute1/.superpowers/brainstorm/31336-1774282553/branch-owner-role.html"}
{"source":"user-event","type":"click","text":"A\n    \n      New Role: Branch Owner\n      A brand new role separate from Admin/Manager/Cashier. Each branch owner logs in and only sees their assigned branch(es) — sales, products, delivery data.","choice":"a","id":null,"timestamp":1774282714938}
{"source":"user-event","type":"click","text":"A\n    \n      New Role: Branch Owner\n      A brand new role separate from Admin/Manager/Cashier. Each branch owner logs in and only sees their assigned branch(es) — sales, products, delivery data.","choice":"a","id":null,"timestamp":1774282991336}
{"source":"user-event","type":"click","text":"A\n    \n      New Role: Branch Owner\n      A brand new role separate from Admin/Manager/Cashier. Each branch owner logs in and only sees their assigned branch(es) — sales, products, delivery data.","choice":"a","id":null,"timestamp":1774282991485}
{"source":"user-event","type":"click","text":"A\n    \n      New Role: Branch Owner\n      A brand new role separate from Admin/Manager/Cashier. Each branch owner logs in and only sees their assigned branch(es) — sales, products, delivery data.","choice":"a","id":null,"timestamp":1774282993116}
{"source":"user-event","type":"click","text":"A\n    \n      New Role: Branch Owner\n      A brand new role separate from Admin/Manager/Cashier. Each branch owner logs in and only sees their assigned branch(es) — sales, products, delivery data.","choice":"a","id":null,"timestamp":1774282994250}
{"type":"screen-added","file":"/Applications/XAMPP/xamppfiles/htdocs/minute1/.superpowers/brainstorm/31336-1774282553/branch-structure.html"}
{"source":"user-event","type":"click","text":"B\n    \n      Flexible Assignment\n      Multiple branches can exist. Each branch owner is assigned to specific branches (1, 2, or more). Admin manages which branches each owner can see.","choice":"b","id":null,"timestamp":1774283065487}
{"source":"user-event","type":"click","text":"B\n    \n      Flexible Assignment\n      Multiple branches can exist. Each branch owner is assigned to specific branches (1, 2, or more). Admin manages which branches each owner can see.","choice":"b","id":null,"timestamp":1774283066767}
{"source":"user-event","type":"click","text":"B\n    \n      Flexible Assignment\n      Multiple branches can exist. Each branch owner is assigned to specific branches (1, 2, or more). Admin manages which branches each owner can see.","choice":"b","id":null,"timestamp":1774283068234}
{"source":"user-event","type":"click","text":"B\n    \n      Flexible Assignment\n      Multiple branches can exist. Each branch owner is assigned to specific branches (1, 2, or more). Admin manages which branches each owner can see.","choice":"b","id":null,"timestamp":1774283068384}
{"source":"user-event","type":"click","text":"B\n    \n      Flexible Assignment\n      Multiple branches can exist. Each branch owner is assigned to specific branches (1, 2, or more). Admin manages which branches each owner can see.","choice":"b","id":null,"timestamp":1774283068550}
{"source":"user-event","type":"click","text":"B\n    \n      Flexible Assignment\n      Multiple branches can exist. Each branch owner is assigned to specific branches (1, 2, or more). Admin manages which branches each owner can see.","choice":"b","id":null,"timestamp":1774283070083}
{"source":"user-event","type":"click","text":"C\n    \n      Franchise Owner View\n      Multiple branches exist. The branch owner sees ALL branches — a high-level franchise overview with the ability to drill into each one.","choice":"c","id":null,"timestamp":1774283072701}
{"source":"user-event","type":"click","text":"B\n    \n      Flexible Assignment\n      Multiple branches can exist. Each branch owner is assigned to specific branches (1, 2, or more). Admin manages which branches each owner can see.","choice":"b","id":null,"timestamp":1774283073767}
{"type":"screen-added","file":"/Applications/XAMPP/xamppfiles/htdocs/minute1/.superpowers/brainstorm/31336-1774282553/dashboard-data.html"}
{"type":"screen-added","file":"/Applications/XAMPP/xamppfiles/htdocs/minute1/.superpowers/brainstorm/31336-1774282553/delivery-meaning.html"}
{"type":"screen-added","file":"/Applications/XAMPP/xamppfiles/htdocs/minute1/.superpowers/brainstorm/31336-1774282553/admin-branch-mgmt.html"}
{"type":"screen-added","file":"/Applications/XAMPP/xamppfiles/htdocs/minute1/.superpowers/brainstorm/31336-1774282553/approach-selection.html"}
{"type":"screen-added","file":"/Applications/XAMPP/xamppfiles/htdocs/minute1/.superpowers/brainstorm/31336-1774282553/dashboard-mockup.html"}
{"type":"screen-added","file":"/Applications/XAMPP/xamppfiles/htdocs/minute1/.superpowers/brainstorm/31336-1774282553/waiting.html"}
{"type":"server-stopped","reason":"idle timeout"}
